PLAYER:
	NAME "Rich Q"
	COMBAT 1
	RCOMBAT 0
	RANGE 0
	DEFENCE 1
	MOVEMENT 1
	MANOEUVRE 4
	MAGICRES 10
	SPELLC 13
	SPELLS 0,1,23,41,12,42,18,26,18,30,18,3,11,50,18,23,18,45,18,17,18,23,18,37,18,13,
	ABILITY 0
	IMAGE 5
	COLOUR 31775
	TYPE 0
	FLAG 0
	ILLUSION 0
	SELECTED_SPELL 0
	LAST_SPELL 0
	TIMID 0
PLAYER:
	NAME "Ben"
	COMBAT 7
	RCOMBAT 0
	RANGE 0
	DEFENCE 4
	MOVEMENT 1
	MANOEUVRE 7
	MAGICRES 6
	SPELLC 15
	SPELLS 21,1,18,20,18,5,18,12,18,4,18,9,18,23,18,43,18,29,18,17,18,26,14,56,6,58,6,60,5,59,
	ABILITY 0
	IMAGE 4
	COLOUR 32736
	TYPE 65
	FLAG 0
	ILLUSION 0
	SELECTED_SPELL 0
	LAST_SPELL 0
	TIMID 0
PLAYER:
	NAME "Saruman"
	COMBAT 6
	RCOMBAT 0
	RANGE 0
	DEFENCE 6
	MOVEMENT 1
	MANOEUVRE 7
	MAGICRES 9
	SPELLC 15
	SPELLS 18,10,18,35,18,64,18,17,18,26,18,20,18,11,18,6,18,9,18,18,18,61,13,1,11,49,6,58,5,59,
	ABILITY 0
	IMAGE 3
	COLOUR 21140
	TYPE 65
	FLAG 0
	ILLUSION 0
	SELECTED_SPELL 0
	LAST_SPELL 0
	TIMID 0
PLAYER:
	NAME "Kiff"
	COMBAT 7
	RCOMBAT 0
	RANGE 0
	DEFENCE 7
	MOVEMENT 1
	MANOEUVRE 5
	MAGICRES 10
	SPELLC 15
	SPELLS 18,17,18,29,18,6,18,45,18,4,18,22,18,6,18,16,18,21,18,33,18,26,18,36,17,55,14,1,6,58,
	ABILITY 1
	IMAGE 6
	COLOUR 660
	TYPE 65
	FLAG 0
	ILLUSION 0
	SELECTED_SPELL 0
	LAST_SPELL 0
	TIMID 0
PLAYER:
	NAME "Grotbags"
	COMBAT 5
	RCOMBAT 0
	RANGE 0
	DEFENCE 4
	MOVEMENT 1
	MANOEUVRE 6
	MAGICRES 9
	SPELLC 15
	SPELLS 23,41,18,39,18,14,18,35,18,17,18,33,18,15,18,33,18,6,18,9,18,37,18,3,18,5,18,11,15,1,
	ABILITY 0
	IMAGE 2
	COLOUR 992
	TYPE 65
	FLAG 0
	ILLUSION 0
	SELECTED_SPELL 0
	LAST_SPELL 0
	TIMID 0
PLAYER:
	NAME "Tim"
	COMBAT 7
	RCOMBAT 0
	RANGE 0
	DEFENCE 4
	MOVEMENT 1
	MANOEUVRE 6
	MAGICRES 6
	SPELLC 18
	SPELLS 18,1,18,28,18,15,18,31,18,3,18,35,18,36,18,6,18,30,18,33,18,19,18,33,18,36,18,23,12,48,12,42,12,42,11,50,
	ABILITY 0
	IMAGE 0
	COLOUR 31744
	TYPE 65
	FLAG 0
	ILLUSION 0
	SELECTED_SPELL 0
	LAST_SPELL 0
	TIMID 0
PLAYER:
	NAME "Sooty"
	COMBAT 4
	RCOMBAT 0
	RANGE 0
	DEFENCE 5
	MOVEMENT 1
	MANOEUVRE 5
	MAGICRES 6
	SPELLC 16
	SPELLS 18,22,18,20,18,14,18,17,18,35,18,5,18,32,18,39,18,32,18,31,18,61,18,15,18,32,18,10,18,45,14,1,
	ABILITY 0
	IMAGE 1
	COLOUR 31
	TYPE 65
	FLAG 0
	ILLUSION 0
	SELECTED_SPELL 0
	LAST_SPELL 0
	TIMID 0
PLAYER:
	NAME "H.Potter"
	COMBAT 6
	RCOMBAT 0
	RANGE 0
	DEFENCE 3
	MOVEMENT 1
	MANOEUVRE 6
	MAGICRES 6
	SPELLC 17
	SPELLS 23,40,23,52,21,1,18,62,18,17,18,29,18,34,18,5,18,32,18,11,18,25,18,29,18,37,18,25,18,11,18,24,12,47,
	ABILITY 2
	IMAGE 7
	COLOUR 32767
	TYPE 65
	FLAG 0
	ILLUSION 0
	SELECTED_SPELL 0
	LAST_SPELL 0
	TIMID 0
